// Jest Snapshot v1, https://goo.gl/fbAQLP

exports[`Test case for testing login renders the component 1`] = `
<LogIn
  auth={
    Object {
      "isAuthenticated": false,
      "loginError": Object {
        "status": 0,
      },
    }
  }
  dispatch={[Function]}
  store={
    Object {
      "clearActions": [Function],
      "dispatch": [Function],
      "getActions": [Function],
      "getState": [Function],
      "replaceReducer": [Function],
      "subscribe": [Function],
    }
  }
/>
`;
